<html>
<body>
<pre>
<h1>µVision Build Log</h1>
<h2>Tool Versions:</h2>
IDE-Version: µVision V5.24.2.0
Copyright (C) 2017 ARM Ltd and ARM Germany GmbH. All rights reserved.
License Information: Hamed Waezi, hamedwaezi01, LIC=ZB4HL-0DEER-TGN7T-R6QN7-1BVK5-3FETD
 
Tool Versions:
Toolchain:       MDK-ARM Plus  Version: 5.24.1
Toolchain Path:  C:\Keil_v5\ARM\ARMCC\Bin
C Compiler:      Armcc.exe V5.06 update 5 (build 528)
Assembler:       Armasm.exe V5.06 update 5 (build 528)
Linker/Locator:  ArmLink.exe V5.06 update 5 (build 528)
Library Manager: ArmAr.exe V5.06 update 5 (build 528)
Hex Converter:   FromElf.exe V5.06 update 5 (build 528)
CPU DLL:         SARMCM3.DLL V5.24.1
Dialog DLL:      DCM.DLL V1.16.0.0
Target DLL:      STLink\ST-LINKIII-KEIL_SWO.dll V3.0.1.0
Dialog DLL:      TCM.DLL V1.32.0.0
 
<h2>Project:</h2>
G:\Programming\microprocessors\test\test1\test1\MDK-ARM\test1.uvprojx
Project File Date:  06/27/2020

<h2>Output:</h2>
*** Using Compiler 'V5.06 update 5 (build 528)', folder: 'C:\Keil_v5\ARM\ARMCC\Bin'
Build target 'test1'
assembling startup_stm32f401xc.s...
compiling stm32f4xx_hal_flash_ex.c...
compiling stm32f4xx_hal_pwr.c...
compiling stm32f4xx_hal_cortex.c...
compiling stm32f4xx_hal.c...
compiling stm32f4xx_hal_flash.c...
compiling stm32f4xx_hal_gpio.c...
compiling stm32f4xx_hal_flash_ramfunc.c...
compiling stm32f4xx_hal_rcc.c...
compiling stm32f4xx_hal_tim_ex.c...
compiling stm32f4xx_hal_dma.c...
compiling stm32f4xx_hal_dma_ex.c...
compiling stm32f4xx_hal_tim.c...
compiling stm32f4xx_hal_rcc_ex.c...
compiling stm32f4xx_hal_pwr_ex.c...
compiling system_stm32f4xx.c...
compiling main.c...
compiling stm32f4xx_it.c...
../Src/stm32f4xx_it.c(46): warning:  #188-D: enumerated type mixed with another type
  	HAL_GPIO_WritePin(
PIOB, 
PIO_PIN_0, x4);
../Src/stm32f4xx_it.c(47): warning:  #188-D: enumerated type mixed with another type
  	HAL_GPIO_WritePin(
PIOB, 
PIO_PIN_1, x3);
../Src/stm32f4xx_it.c(48): warning:  #188-D: enumerated type mixed with another type
  	HAL_GPIO_WritePin(
PIOB, 
PIO_PIN_2, x2);
../Src/stm32f4xx_it.c(49): warning:  #188-D: enumerated type mixed with another type
  	HAL_GPIO_WritePin(
PIOB, 
PIO_PIN_3, x1);
../Src/stm32f4xx_it.c(56): warning:  #188-D: enumerated type mixed with another type
  			HAL_GPIO_WritePin(
PIOA, 
PIO_PIN_3, 1);
../Src/stm32f4xx_it.c(57): warning:  #188-D: enumerated type mixed with another type
  			HAL_GPIO_WritePin(
PIOA, 
PIO_PIN_2, 0);
../Src/stm32f4xx_it.c(58): warning:  #188-D: enumerated type mixed with another type
  			HAL_GPIO_WritePin(
PIOA, 
PIO_PIN_1, 0);
../Src/stm32f4xx_it.c(59): warning:  #188-D: enumerated type mixed with another type
  			HAL_GPIO_WritePin(
PIOA, 
PIO_PIN_0, 0);
../Src/stm32f4xx_it.c(64): warning:  #188-D: enumerated type mixed with another type
  			HAL_GPIO_WritePin(
PIOA, 
PIO_PIN_3, 0);
../Src/stm32f4xx_it.c(65): warning:  #188-D: enumerated type mixed with another type
  			HAL_GPIO_WritePin(
PIOA, 
PIO_PIN_2, 1);
../Src/stm32f4xx_it.c(66): warning:  #188-D: enumerated type mixed with another type
  			HAL_GPIO_WritePin(
PIOA, 
PIO_PIN_1, 0);
../Src/stm32f4xx_it.c(67): warning:  #188-D: enumerated type mixed with another type
  			HAL_GPIO_WritePin(
PIOA, 
PIO_PIN_0, 0);
../Src/stm32f4xx_it.c(72): warning:  #188-D: enumerated type mixed with another type
  			HAL_GPIO_WritePin(
PIOA, 
PIO_PIN_3, 0);
../Src/stm32f4xx_it.c(73): warning:  #188-D: enumerated type mixed with another type
  			HAL_GPIO_WritePin(
PIOA, 
PIO_PIN_2, 0);
../Src/stm32f4xx_it.c(74): warning:  #188-D: enumerated type mixed with another type
  			HAL_GPIO_WritePin(
PIOA, 
PIO_PIN_1, 1);
../Src/stm32f4xx_it.c(75): warning:  #188-D: enumerated type mixed with another type
  			HAL_GPIO_WritePin(
PIOA, 
PIO_PIN_0, 0);
../Src/stm32f4xx_it.c(80): warning:  #188-D: enumerated type mixed with another type
  			HAL_GPIO_WritePin(
PIOA, 
PIO_PIN_3, 0);
../Src/stm32f4xx_it.c(81): warning:  #188-D: enumerated type mixed with another type
  			HAL_GPIO_WritePin(
PIOA, 
PIO_PIN_2, 0);
../Src/stm32f4xx_it.c(82): warning:  #188-D: enumerated type mixed with another type
  			HAL_GPIO_WritePin(
PIOA, 
PIO_PIN_1, 0);
../Src/stm32f4xx_it.c(83): warning:  #188-D: enumerated type mixed with another type
  			HAL_GPIO_WritePin(
PIOA, 
PIO_PIN_0, 1);
../Src/stm32f4xx_it.c(258): warning:  #188-D: enumerated type mixed with another type
  		HAL_GPIO_WritePin(
PIOC, 
PIO_PIN_1,0);
../Src/stm32f4xx_it.c(260): warning:  #188-D: enumerated type mixed with another type
  		HAL_GPIO_WritePin(
PIOC, 
PIO_PIN_1,1);
../Src/stm32f4xx_it.c(263): warning:  #188-D: enumerated type mixed with another type
  				HAL_GPIO_WritePin(
PIOC,
PIO_PIN_1, 0);
../Src/stm32f4xx_it.c: 23 warnings, 0 errors
compiling stm32f4xx_hal_msp.c...
linking...
Program Size: Code=4852 RO-data=452 RW-data=24 ZI-data=1144  
FromELF: creating hex file...
"test1\test1.axf" - 0 Error(s), 23 Warning(s).

<h2>Software Packages used:</h2>

Package Vendor: ARM
                http://www.keil.com/pack/ARM.CMSIS.5.0.1.pack
                ARM.CMSIS.5.0.1
                CMSIS (Cortex Microcontroller Software Interface Standard)
   * Component: CORE Version: 5.0.1

Package Vendor: Keil
                http://www.keil.com/pack/Keil.STM32F4xx_DFP.2.14.0.pack
                Keil.STM32F4xx_DFP.2.14.0
                STMicroelectronics STM32F4 Series Device Support, Drivers and Examples

<h2>Collection of Component include folders:</h2>
  .\RTE\_test1
  C:\Keil_v5\ARM\PACK\ARM\CMSIS\5.0.1\CMSIS\Include
  C:\Keil_v5\ARM\PACK\Keil\STM32F4xx_DFP\2.14.0\Drivers\CMSIS\Device\ST\STM32F4xx\Include

<h2>Collection of Component Files used:</h2>

   * Component: ARM::CMSIS:CORE:5.0.1
Build Time Elapsed:  00:00:24
</pre>
</body>
</html>
